Report time       : Wed Dec 18 16:21:43 SEAST 2024.
Solution          : solution3.
Simulation tool   : xsim.

+----------+----------+-----------------------------------------------+-----------------------------------------------+
|          |          |                    Latency                    |                    Interval                   |
+   RTL    +  Status  +-----------------------------------------------+-----------------------------------------------+
|          |          |      min      |      avg      |      max      |      min      |      avg      |      max      |
+----------+----------+-----------------------------------------------+-----------------------------------------------+
|      VHDL|      Pass|             47|             47|             47|             NA|             NA|             NA|
|   Verilog|        NA|             47|             47|             47|             NA|             NA|             NA|
+----------+----------+-----------------------------------------------+-----------------------------------------------+
